// Jest Snapshot v1, https://goo.gl/fbAQLP

exports[`Condition suite render a Condition 1`] = `
<p>
  hello IfComponent
</p>
`;
